---
source: crates/gpui-form-derive/src/derives/component_shape.rs
assertion_line: 330
expression: pretty_tokens(expanded)
---
pub struct SwitchShape(::core::marker::PhantomData<fn() -> ()>);
impl ::gpui_form_runtime::shape::ComponentShape for SwitchShape {
    type State = crate::state::SwitchState;
    fn new(
        window: &mut ::gpui::Window,
        cx: &mut ::gpui::Context<'_, Self::State>,
    ) -> Self::State {
        <crate::state::SwitchState>::new(window, cx)
    }
    type ValueStoragePolicy = ::gpui_form_runtime::shape::DirectValueStorage;
    type ValueBindingPolicy = ::gpui_form_runtime::shape::NoComponentValueBinding;
}
impl ::gpui_form_runtime::shape::DeclaredComponentShape for SwitchShape {}
