---
source: crates/gpui-form-derive/src/derives/component_shape_state.rs
assertion_line: 251
expression: pretty_tokens(expanded)
---
impl ::gpui_form_runtime::shape::ComponentShape for TagsInput {
    type State = crate::state::TagsState;
    fn new(
        window: &mut ::gpui::Window,
        cx: &mut ::gpui::Context<'_, Self::State>,
    ) -> Self::State {
        (|window, cx| crate::state::TagsState::with_mode(
            window,
            cx,
            Mode::Tags,
        ))(window, cx)
    }
    type ValueStoragePolicy = ::gpui_form_runtime::shape::RequiredValueStorage;
    type ValueBindingPolicy = ::gpui_form_runtime::shape::NoComponentValueBinding;
    const COMPONENT_TYPE: Option<&'static str> = Some(
        concat!(module_path!(), "::", stringify!(TagsInput)),
    );
}
impl ::gpui_form_runtime::shape::DeclaredComponentShape for TagsInput {}
