---
source: crates/gpui-form-derive/src/derives/component_shape_state.rs
expression: pretty_tokens(expanded)
---
impl<T, D> ::gpui_form_runtime::shape::ComponentShape for Picker<T, D> {
    type State = crate::state::PickerState<T, D>;
    fn new(
        window: &mut ::gpui::Window,
        cx: &mut ::gpui::Context<'_, Self::State>,
    ) -> Self::State {
        <crate::state::PickerState<T, D>>::new(window, cx)
    }
    type ValueStoragePolicy = ::gpui_form_runtime::shape::RequiredValueStorage;
    type ValueBindingPolicy = ::gpui_form_runtime::shape::NoComponentValueBinding;
    type RenderComponent = __PickerRenderComponent<T, D>;
}
#[doc(hidden)]
struct __PickerRenderComponent<T, D = Vec<T>>(
    ::core::marker::PhantomData<fn() -> (T, D)>,
);
impl<T, D> ::gpui_form_runtime::shape::ComponentRender<crate::state::PickerState<T, D>>
for __PickerRenderComponent<T, D> {
    const RENDERS: bool = true;
    fn new(
        entity: &::gpui::Entity<crate::state::PickerState<T, D>>,
    ) -> impl ::gpui::IntoElement {
        <Picker<T, D>>::new(entity)
    }
}
impl<T, D> ::gpui_form_runtime::shape::DeclaredComponentShape for Picker<T, D> {}
