---
source: crates/gpui-form-derive/src/derives/component_shape.rs
expression: pretty_tokens(expanded)
---
pub struct InputShape<T>(::core::marker::PhantomData<fn() -> (T)>);
impl<T> ::gpui_form_runtime::shape::ComponentShape for InputShape<T>
where
    T: ::std::str::FromStr + ::std::string::ToString + 'static,
{
    type State = ::gpui_component::input::InputState;
    fn new(
        window: &mut ::gpui::Window,
        cx: &mut ::gpui::Context<'_, Self::State>,
    ) -> Self::State {
        (|window, cx| ::gpui_component::input::InputState::new(window, cx))(window, cx)
    }
    type ValueStoragePolicy = ::gpui_form_runtime::shape::RequiredValueStorage;
    type ValueBindingPolicy = ::gpui_form_runtime::shape::NoComponentValueBinding;
    type RenderComponent = __InputShapeRenderComponent<T>;
    const PROTOTYPING: ::gpui_form_runtime::shape::ComponentPrototyping = ::gpui_form_runtime::shape::ComponentPrototyping::new()
        .field_suffix("input");
}
#[doc(hidden)]
pub struct __InputShapeRenderComponent<T>(
    ::core::marker::PhantomData<fn() -> (T)>,
)
where
    T: ::std::str::FromStr + ::std::string::ToString + 'static;
impl<T> ::gpui_form_runtime::shape::ComponentRender<::gpui_component::input::InputState>
for __InputShapeRenderComponent<T>
where
    T: ::std::str::FromStr + ::std::string::ToString + 'static,
{
    const RENDERS: bool = true;
    fn new(
        entity: &::gpui::Entity<::gpui_component::input::InputState>,
    ) -> impl ::gpui::IntoElement {
        <::gpui_component::input::Input>::new(entity)
    }
}
impl<T> ::gpui_form_runtime::shape::DeclaredComponentShape for InputShape<T>
where
    T: ::std::str::FromStr + ::std::string::ToString + 'static,
{}
impl<T> ::gpui_form_runtime::shape::ComponentShapeFor<T> for InputShape<T>
where
    T: ::std::str::FromStr + ::std::string::ToString + 'static,
{}
